// Jest Snapshot v1, https://goo.gl/fbAQLP

exports[`finance/portfolioReducer Correctly reproduces the example in https://www.bussoladoinvestidor.com.br/calculo-do-preco-medio-de-acoes/ 1`] = `
Object {
  "petr4": Array [
    Object {
      "buyQuantity": 100,
      "buyTotal": 921.5,
      "date": "2020/02/03",
      "kind": "buy",
      "price": 9.215,
      "quantity": 100,
    },
    Object {
      "buyQuantity": 100,
      "buyTotal": 1221.7,
      "date": "2020/02/05",
      "kind": "buy",
      "price": 10.716,
      "quantity": 200,
    },
    Object {
      "date": "2020/02/05",
      "kind": "sell",
      "price": 10.716,
      "quantity": 150,
      "sellIrrf": 0.01,
      "sellProfit": 18.34,
      "sellProfitPercent": 0.0342,
      "sellQuantity": 50,
      "sellTotal": 554.14,
    },
    Object {
      "buyQuantity": 200,
      "buyTotal": 3023.6,
      "date": "2020/02/10",
      "kind": "buy",
      "price": 13.2314,
      "quantity": 350,
    },
  ],
}
`;
